// Jest Snapshot v1, https://goo.gl/fbAQLP

exports[`Testing Characters component Displays when mounted 1`] = `
<div
  style={
    Object {
      "position": "relative",
    }
  }
>
  <h1
    style={
      Object {
        "textAlign": "center",
      }
    }
  >
    Select a character
  </h1>
  <ul
    className="sc-bdVaJa jJjsEG"
  >
    <li
      className="sc-bwzfXH fQvBvU"
      onClick={[Function]}
    >
      Luke Skywalker
    </li>
  </ul>
</div>
`;
